------------------------------------------------------------
Timing Analyzer Summary
------------------------------------------------------------

Type  : Slow 1200mV 85C Model Setup 'divisor_frec:u5|temporal'
Slack : -12.729
TNS   : -225.553

Type  : Slow 1200mV 85C Model Setup 'encendido'
Slack : -9.852
TNS   : -28.839

Type  : Slow 1200mV 85C Model Setup 'divisor_frec:U0|temporal'
Slack : -4.939
TNS   : -307.095

Type  : Slow 1200mV 85C Model Setup 'clk'
Slack : -4.050
TNS   : -61.590

Type  : Slow 1200mV 85C Model Setup 'controlador_vga:u1|Hsync'
Slack : -3.115
TNS   : -27.916

Type  : Slow 1200mV 85C Model Setup 'divisor_frec:u3|temporal'
Slack : -2.489
TNS   : -44.249

Type  : Slow 1200mV 85C Model Hold 'divisor_frec:U0|temporal'
Slack : 0.347
TNS   : 0.000

Type  : Slow 1200mV 85C Model Hold 'controlador_vga:u1|Hsync'
Slack : 0.349
TNS   : 0.000

Type  : Slow 1200mV 85C Model Hold 'divisor_frec:u5|temporal'
Slack : 0.425
TNS   : 0.000

Type  : Slow 1200mV 85C Model Hold 'clk'
Slack : 0.438
TNS   : 0.000

Type  : Slow 1200mV 85C Model Hold 'divisor_frec:u3|temporal'
Slack : 0.939
TNS   : 0.000

Type  : Slow 1200mV 85C Model Hold 'encendido'
Slack : 2.080
TNS   : 0.000

Type  : Slow 1200mV 85C Model Recovery 'divisor_frec:u5|temporal'
Slack : -3.637
TNS   : -74.541

Type  : Slow 1200mV 85C Model Recovery 'divisor_frec:u3|temporal'
Slack : -2.564
TNS   : -48.946

Type  : Slow 1200mV 85C Model Recovery 'controlador_vga:u1|Hsync'
Slack : -2.499
TNS   : -48.563

Type  : Slow 1200mV 85C Model Recovery 'clk'
Slack : -2.311
TNS   : -82.163

Type  : Slow 1200mV 85C Model Recovery 'divisor_frec:U0|temporal'
Slack : -2.190
TNS   : -176.959

Type  : Slow 1200mV 85C Model Removal 'divisor_frec:U0|temporal'
Slack : 1.376
TNS   : 0.000

Type  : Slow 1200mV 85C Model Removal 'controlador_vga:u1|Hsync'
Slack : 1.987
TNS   : 0.000

Type  : Slow 1200mV 85C Model Removal 'clk'
Slack : 2.003
TNS   : 0.000

Type  : Slow 1200mV 85C Model Removal 'divisor_frec:u5|temporal'
Slack : 2.104
TNS   : 0.000

Type  : Slow 1200mV 85C Model Removal 'divisor_frec:u3|temporal'
Slack : 2.122
TNS   : 0.000

Type  : Slow 1200mV 85C Model Minimum Pulse Width 'clk'
Slack : -3.000
TNS   : -53.508

Type  : Slow 1200mV 85C Model Minimum Pulse Width 'encendido'
Slack : -3.000
TNS   : -3.000

Type  : Slow 1200mV 85C Model Minimum Pulse Width 'divisor_frec:U0|temporal'
Slack : -1.403
TNS   : -122.061

Type  : Slow 1200mV 85C Model Minimum Pulse Width 'divisor_frec:u5|temporal'
Slack : -1.403
TNS   : -32.269

Type  : Slow 1200mV 85C Model Minimum Pulse Width 'controlador_vga:u1|Hsync'
Slack : -1.403
TNS   : -29.463

Type  : Slow 1200mV 85C Model Minimum Pulse Width 'divisor_frec:u3|temporal'
Slack : -1.403
TNS   : -28.060

Type  : Slow 1200mV 0C Model Setup 'divisor_frec:u5|temporal'
Slack : -11.768
TNS   : -208.632

Type  : Slow 1200mV 0C Model Setup 'encendido'
Slack : -9.139
TNS   : -26.846

Type  : Slow 1200mV 0C Model Setup 'divisor_frec:U0|temporal'
Slack : -4.502
TNS   : -275.453

Type  : Slow 1200mV 0C Model Setup 'clk'
Slack : -3.720
TNS   : -53.243

Type  : Slow 1200mV 0C Model Setup 'controlador_vga:u1|Hsync'
Slack : -2.770
TNS   : -23.535

Type  : Slow 1200mV 0C Model Setup 'divisor_frec:u3|temporal'
Slack : -2.186
TNS   : -39.271

Type  : Slow 1200mV 0C Model Hold 'divisor_frec:U0|temporal'
Slack : 0.312
TNS   : 0.000

Type  : Slow 1200mV 0C Model Hold 'controlador_vga:u1|Hsync'
Slack : 0.313
TNS   : 0.000

Type  : Slow 1200mV 0C Model Hold 'divisor_frec:u5|temporal'
Slack : 0.392
TNS   : 0.000

Type  : Slow 1200mV 0C Model Hold 'clk'
Slack : 0.402
TNS   : 0.000

Type  : Slow 1200mV 0C Model Hold 'divisor_frec:u3|temporal'
Slack : 0.851
TNS   : 0.000

Type  : Slow 1200mV 0C Model Hold 'encendido'
Slack : 1.802
TNS   : 0.000

Type  : Slow 1200mV 0C Model Recovery 'divisor_frec:u5|temporal'
Slack : -3.311
TNS   : -67.823

Type  : Slow 1200mV 0C Model Recovery 'divisor_frec:u3|temporal'
Slack : -2.249
TNS   : -42.876

Type  : Slow 1200mV 0C Model Recovery 'controlador_vga:u1|Hsync'
Slack : -2.232
TNS   : -42.942

Type  : Slow 1200mV 0C Model Recovery 'divisor_frec:U0|temporal'
Slack : -2.024
TNS   : -155.586

Type  : Slow 1200mV 0C Model Recovery 'clk'
Slack : -2.022
TNS   : -72.019

Type  : Slow 1200mV 0C Model Removal 'divisor_frec:U0|temporal'
Slack : 1.260
TNS   : 0.000

Type  : Slow 1200mV 0C Model Removal 'divisor_frec:u5|temporal'
Slack : 1.919
TNS   : 0.000

Type  : Slow 1200mV 0C Model Removal 'clk'
Slack : 1.989
TNS   : 0.000

Type  : Slow 1200mV 0C Model Removal 'controlador_vga:u1|Hsync'
Slack : 1.998
TNS   : 0.000

Type  : Slow 1200mV 0C Model Removal 'divisor_frec:u3|temporal'
Slack : 2.112
TNS   : 0.000

Type  : Slow 1200mV 0C Model Minimum Pulse Width 'clk'
Slack : -3.000
TNS   : -53.508

Type  : Slow 1200mV 0C Model Minimum Pulse Width 'encendido'
Slack : -3.000
TNS   : -3.000

Type  : Slow 1200mV 0C Model Minimum Pulse Width 'divisor_frec:U0|temporal'
Slack : -1.403
TNS   : -122.061

Type  : Slow 1200mV 0C Model Minimum Pulse Width 'divisor_frec:u5|temporal'
Slack : -1.403
TNS   : -32.269

Type  : Slow 1200mV 0C Model Minimum Pulse Width 'controlador_vga:u1|Hsync'
Slack : -1.403
TNS   : -29.463

Type  : Slow 1200mV 0C Model Minimum Pulse Width 'divisor_frec:u3|temporal'
Slack : -1.403
TNS   : -28.060

Type  : Fast 1200mV 0C Model Setup 'divisor_frec:u5|temporal'
Slack : -5.258
TNS   : -92.978

Type  : Fast 1200mV 0C Model Setup 'encendido'
Slack : -4.322
TNS   : -12.578

Type  : Fast 1200mV 0C Model Setup 'divisor_frec:U0|temporal'
Slack : -1.586
TNS   : -79.342

Type  : Fast 1200mV 0C Model Setup 'clk'
Slack : -1.195
TNS   : -6.756

Type  : Fast 1200mV 0C Model Setup 'controlador_vga:u1|Hsync'
Slack : -1.067
TNS   : -2.801

Type  : Fast 1200mV 0C Model Setup 'divisor_frec:u3|temporal'
Slack : -0.460
TNS   : -6.684

Type  : Fast 1200mV 0C Model Hold 'divisor_frec:U0|temporal'
Slack : 0.152
TNS   : 0.000

Type  : Fast 1200mV 0C Model Hold 'controlador_vga:u1|Hsync'
Slack : 0.153
TNS   : 0.000

Type  : Fast 1200mV 0C Model Hold 'divisor_frec:u5|temporal'
Slack : 0.170
TNS   : 0.000

Type  : Fast 1200mV 0C Model Hold 'clk'
Slack : 0.178
TNS   : 0.000

Type  : Fast 1200mV 0C Model Hold 'divisor_frec:u3|temporal'
Slack : 0.374
TNS   : 0.000

Type  : Fast 1200mV 0C Model Hold 'encendido'
Slack : 0.923
TNS   : 0.000

Type  : Fast 1200mV 0C Model Recovery 'divisor_frec:u5|temporal'
Slack : -1.583
TNS   : -32.541

Type  : Fast 1200mV 0C Model Recovery 'divisor_frec:u3|temporal'
Slack : -1.259
TNS   : -23.864

Type  : Fast 1200mV 0C Model Recovery 'controlador_vga:u1|Hsync'
Slack : -1.100
TNS   : -19.919

Type  : Fast 1200mV 0C Model Recovery 'clk'
Slack : -1.038
TNS   : -36.875

Type  : Fast 1200mV 0C Model Recovery 'divisor_frec:U0|temporal'
Slack : -1.017
TNS   : -78.914

Type  : Fast 1200mV 0C Model Removal 'divisor_frec:U0|temporal'
Slack : 0.496
TNS   : 0.000

Type  : Fast 1200mV 0C Model Removal 'controlador_vga:u1|Hsync'
Slack : 0.571
TNS   : 0.000

Type  : Fast 1200mV 0C Model Removal 'clk'
Slack : 0.574
TNS   : 0.000

Type  : Fast 1200mV 0C Model Removal 'divisor_frec:u3|temporal'
Slack : 0.704
TNS   : 0.000

Type  : Fast 1200mV 0C Model Removal 'divisor_frec:u5|temporal'
Slack : 0.920
TNS   : 0.000

Type  : Fast 1200mV 0C Model Minimum Pulse Width 'clk'
Slack : -3.000
TNS   : -40.169

Type  : Fast 1200mV 0C Model Minimum Pulse Width 'encendido'
Slack : -3.000
TNS   : -3.000

Type  : Fast 1200mV 0C Model Minimum Pulse Width 'divisor_frec:U0|temporal'
Slack : -1.000
TNS   : -87.000

Type  : Fast 1200mV 0C Model Minimum Pulse Width 'divisor_frec:u5|temporal'
Slack : -1.000
TNS   : -23.000

Type  : Fast 1200mV 0C Model Minimum Pulse Width 'controlador_vga:u1|Hsync'
Slack : -1.000
TNS   : -21.000

Type  : Fast 1200mV 0C Model Minimum Pulse Width 'divisor_frec:u3|temporal'
Slack : -1.000
TNS   : -20.000

------------------------------------------------------------
