------------------------------------------------------------
Timing Analyzer Summary
------------------------------------------------------------

Type  : Slow 1200mV 85C Model Setup 'divisor_frec:u5|temporal'
Slack : -12.964
TNS   : -228.510

Type  : Slow 1200mV 85C Model Setup 'encendido'
Slack : -9.594
TNS   : -27.977

Type  : Slow 1200mV 85C Model Setup 'divisor_frec:U0|temporal'
Slack : -5.000
TNS   : -341.452

Type  : Slow 1200mV 85C Model Setup 'clk'
Slack : -3.925
TNS   : -64.924

Type  : Slow 1200mV 85C Model Setup 'controlador_vga:u1|Hsync'
Slack : -3.115
TNS   : -28.330

Type  : Slow 1200mV 85C Model Setup 'divisor_frec:u3|temporal'
Slack : -2.832
TNS   : -49.128

Type  : Slow 1200mV 85C Model Hold 'controlador_vga:u1|Hsync'
Slack : 0.347
TNS   : 0.000

Type  : Slow 1200mV 85C Model Hold 'divisor_frec:U0|temporal'
Slack : 0.348
TNS   : 0.000

Type  : Slow 1200mV 85C Model Hold 'clk'
Slack : 0.638
TNS   : 0.000

Type  : Slow 1200mV 85C Model Hold 'divisor_frec:u5|temporal'
Slack : 0.668
TNS   : 0.000

Type  : Slow 1200mV 85C Model Hold 'divisor_frec:u3|temporal'
Slack : 0.777
TNS   : 0.000

Type  : Slow 1200mV 85C Model Hold 'encendido'
Slack : 1.641
TNS   : 0.000

Type  : Slow 1200mV 85C Model Recovery 'divisor_frec:U0|temporal'
Slack : -4.585
TNS   : -180.548

Type  : Slow 1200mV 85C Model Recovery 'divisor_frec:u5|temporal'
Slack : -3.072
TNS   : -61.919

Type  : Slow 1200mV 85C Model Recovery 'clk'
Slack : -2.490
TNS   : -87.035

Type  : Slow 1200mV 85C Model Recovery 'divisor_frec:u3|temporal'
Slack : -2.367
TNS   : -43.220

Type  : Slow 1200mV 85C Model Recovery 'controlador_vga:u1|Hsync'
Slack : -2.272
TNS   : -43.786

Type  : Slow 1200mV 85C Model Removal 'divisor_frec:U0|temporal'
Slack : 1.170
TNS   : 0.000

Type  : Slow 1200mV 85C Model Removal 'divisor_frec:u5|temporal'
Slack : 1.661
TNS   : 0.000

Type  : Slow 1200mV 85C Model Removal 'controlador_vga:u1|Hsync'
Slack : 1.860
TNS   : 0.000

Type  : Slow 1200mV 85C Model Removal 'divisor_frec:u3|temporal'
Slack : 1.952
TNS   : 0.000

Type  : Slow 1200mV 85C Model Removal 'clk'
Slack : 2.239
TNS   : 0.000

Type  : Slow 1200mV 85C Model Minimum Pulse Width 'clk'
Slack : -3.000
TNS   : -53.508

Type  : Slow 1200mV 85C Model Minimum Pulse Width 'encendido'
Slack : -3.000
TNS   : -3.000

Type  : Slow 1200mV 85C Model Minimum Pulse Width 'divisor_frec:U0|temporal'
Slack : -1.403
TNS   : -122.061

Type  : Slow 1200mV 85C Model Minimum Pulse Width 'divisor_frec:u5|temporal'
Slack : -1.403
TNS   : -32.269

Type  : Slow 1200mV 85C Model Minimum Pulse Width 'controlador_vga:u1|Hsync'
Slack : -1.403
TNS   : -29.463

Type  : Slow 1200mV 85C Model Minimum Pulse Width 'divisor_frec:u3|temporal'
Slack : -1.403
TNS   : -28.060

Type  : Slow 1200mV 0C Model Setup 'divisor_frec:u5|temporal'
Slack : -12.008
TNS   : -211.114

Type  : Slow 1200mV 0C Model Setup 'encendido'
Slack : -8.857
TNS   : -25.824

Type  : Slow 1200mV 0C Model Setup 'divisor_frec:U0|temporal'
Slack : -4.568
TNS   : -308.592

Type  : Slow 1200mV 0C Model Setup 'clk'
Slack : -3.574
TNS   : -55.960

Type  : Slow 1200mV 0C Model Setup 'controlador_vga:u1|Hsync'
Slack : -2.779
TNS   : -24.072

Type  : Slow 1200mV 0C Model Setup 'divisor_frec:u3|temporal'
Slack : -2.521
TNS   : -43.784

Type  : Slow 1200mV 0C Model Hold 'controlador_vga:u1|Hsync'
Slack : 0.311
TNS   : 0.000

Type  : Slow 1200mV 0C Model Hold 'divisor_frec:U0|temporal'
Slack : 0.312
TNS   : 0.000

Type  : Slow 1200mV 0C Model Hold 'clk'
Slack : 0.587
TNS   : 0.000

Type  : Slow 1200mV 0C Model Hold 'divisor_frec:u5|temporal'
Slack : 0.618
TNS   : 0.000

Type  : Slow 1200mV 0C Model Hold 'divisor_frec:u3|temporal'
Slack : 0.710
TNS   : 0.000

Type  : Slow 1200mV 0C Model Hold 'encendido'
Slack : 1.392
TNS   : 0.000

Type  : Slow 1200mV 0C Model Recovery 'divisor_frec:U0|temporal'
Slack : -4.103
TNS   : -162.324

Type  : Slow 1200mV 0C Model Recovery 'divisor_frec:u5|temporal'
Slack : -2.788
TNS   : -56.090

Type  : Slow 1200mV 0C Model Recovery 'clk'
Slack : -2.208
TNS   : -76.760

Type  : Slow 1200mV 0C Model Recovery 'divisor_frec:u3|temporal'
Slack : -2.092
TNS   : -38.378

Type  : Slow 1200mV 0C Model Recovery 'controlador_vga:u1|Hsync'
Slack : -2.022
TNS   : -38.835

Type  : Slow 1200mV 0C Model Removal 'divisor_frec:U0|temporal'
Slack : 1.067
TNS   : 0.000

Type  : Slow 1200mV 0C Model Removal 'divisor_frec:u5|temporal'
Slack : 1.502
TNS   : 0.000

Type  : Slow 1200mV 0C Model Removal 'controlador_vga:u1|Hsync'
Slack : 1.781
TNS   : 0.000

Type  : Slow 1200mV 0C Model Removal 'divisor_frec:u3|temporal'
Slack : 1.923
TNS   : 0.000

Type  : Slow 1200mV 0C Model Removal 'clk'
Slack : 2.187
TNS   : 0.000

Type  : Slow 1200mV 0C Model Minimum Pulse Width 'clk'
Slack : -3.000
TNS   : -53.508

Type  : Slow 1200mV 0C Model Minimum Pulse Width 'encendido'
Slack : -3.000
TNS   : -3.000

Type  : Slow 1200mV 0C Model Minimum Pulse Width 'divisor_frec:U0|temporal'
Slack : -1.403
TNS   : -122.061

Type  : Slow 1200mV 0C Model Minimum Pulse Width 'divisor_frec:u5|temporal'
Slack : -1.403
TNS   : -32.269

Type  : Slow 1200mV 0C Model Minimum Pulse Width 'controlador_vga:u1|Hsync'
Slack : -1.403
TNS   : -29.463

Type  : Slow 1200mV 0C Model Minimum Pulse Width 'divisor_frec:u3|temporal'
Slack : -1.403
TNS   : -28.060

Type  : Fast 1200mV 0C Model Setup 'divisor_frec:u5|temporal'
Slack : -5.330
TNS   : -93.306

Type  : Fast 1200mV 0C Model Setup 'encendido'
Slack : -4.051
TNS   : -11.748

Type  : Fast 1200mV 0C Model Setup 'divisor_frec:U0|temporal'
Slack : -1.605
TNS   : -100.500

Type  : Fast 1200mV 0C Model Setup 'clk'
Slack : -1.186
TNS   : -7.937

Type  : Fast 1200mV 0C Model Setup 'controlador_vga:u1|Hsync'
Slack : -0.894
TNS   : -2.828

Type  : Fast 1200mV 0C Model Setup 'divisor_frec:u3|temporal'
Slack : -0.670
TNS   : -9.736

Type  : Fast 1200mV 0C Model Hold 'controlador_vga:u1|Hsync'
Slack : 0.151
TNS   : 0.000

Type  : Fast 1200mV 0C Model Hold 'divisor_frec:U0|temporal'
Slack : 0.152
TNS   : 0.000

Type  : Fast 1200mV 0C Model Hold 'clk'
Slack : 0.247
TNS   : 0.000

Type  : Fast 1200mV 0C Model Hold 'divisor_frec:u5|temporal'
Slack : 0.260
TNS   : 0.000

Type  : Fast 1200mV 0C Model Hold 'divisor_frec:u3|temporal'
Slack : 0.302
TNS   : 0.000

Type  : Fast 1200mV 0C Model Hold 'encendido'
Slack : 0.688
TNS   : 0.000

Type  : Fast 1200mV 0C Model Recovery 'divisor_frec:U0|temporal'
Slack : -2.247
TNS   : -77.664

Type  : Fast 1200mV 0C Model Recovery 'divisor_frec:u5|temporal'
Slack : -1.326
TNS   : -26.755

Type  : Fast 1200mV 0C Model Recovery 'clk'
Slack : -1.153
TNS   : -39.484

Type  : Fast 1200mV 0C Model Recovery 'divisor_frec:u3|temporal'
Slack : -1.060
TNS   : -19.422

Type  : Fast 1200mV 0C Model Recovery 'controlador_vga:u1|Hsync'
Slack : -1.001
TNS   : -16.894

Type  : Fast 1200mV 0C Model Removal 'divisor_frec:U0|temporal'
Slack : 0.414
TNS   : 0.000

Type  : Fast 1200mV 0C Model Removal 'controlador_vga:u1|Hsync'
Slack : 0.551
TNS   : 0.000

Type  : Fast 1200mV 0C Model Removal 'divisor_frec:u3|temporal'
Slack : 0.551
TNS   : 0.000

Type  : Fast 1200mV 0C Model Removal 'clk'
Slack : 0.627
TNS   : 0.000

Type  : Fast 1200mV 0C Model Removal 'divisor_frec:u5|temporal'
Slack : 0.725
TNS   : 0.000

Type  : Fast 1200mV 0C Model Minimum Pulse Width 'clk'
Slack : -3.000
TNS   : -40.168

Type  : Fast 1200mV 0C Model Minimum Pulse Width 'encendido'
Slack : -3.000
TNS   : -3.000

Type  : Fast 1200mV 0C Model Minimum Pulse Width 'divisor_frec:U0|temporal'
Slack : -1.000
TNS   : -87.000

Type  : Fast 1200mV 0C Model Minimum Pulse Width 'divisor_frec:u5|temporal'
Slack : -1.000
TNS   : -23.000

Type  : Fast 1200mV 0C Model Minimum Pulse Width 'controlador_vga:u1|Hsync'
Slack : -1.000
TNS   : -21.000

Type  : Fast 1200mV 0C Model Minimum Pulse Width 'divisor_frec:u3|temporal'
Slack : -1.000
TNS   : -20.000

------------------------------------------------------------
