------------------------------------------------------------
Timing Analyzer Summary
------------------------------------------------------------

Type  : Slow 1200mV 85C Model Setup 'divisor_frec:u5|temporal'
Slack : -11.176
TNS   : -214.353

Type  : Slow 1200mV 85C Model Setup 'encendido'
Slack : -9.951
TNS   : -29.135

Type  : Slow 1200mV 85C Model Setup 'divisor_frec:U0|temporal'
Slack : -5.431
TNS   : -301.010

Type  : Slow 1200mV 85C Model Setup 'clk'
Slack : -4.266
TNS   : -62.643

Type  : Slow 1200mV 85C Model Setup 'controlador_vga:u1|Hsync'
Slack : -3.116
TNS   : -28.324

Type  : Slow 1200mV 85C Model Setup 'divisor_frec:u3|temporal'
Slack : -2.542
TNS   : -44.638

Type  : Slow 1200mV 85C Model Hold 'controlador_vga:u1|Hsync'
Slack : 0.348
TNS   : 0.000

Type  : Slow 1200mV 85C Model Hold 'divisor_frec:U0|temporal'
Slack : 0.348
TNS   : 0.000

Type  : Slow 1200mV 85C Model Hold 'clk'
Slack : 0.620
TNS   : 0.000

Type  : Slow 1200mV 85C Model Hold 'divisor_frec:u5|temporal'
Slack : 0.671
TNS   : 0.000

Type  : Slow 1200mV 85C Model Hold 'divisor_frec:u3|temporal'
Slack : 0.964
TNS   : 0.000

Type  : Slow 1200mV 85C Model Hold 'encendido'
Slack : 2.384
TNS   : 0.000

Type  : Slow 1200mV 85C Model Recovery 'clk'
Slack : -2.769
TNS   : -85.758

Type  : Slow 1200mV 85C Model Recovery 'divisor_frec:u3|temporal'
Slack : -2.655
TNS   : -51.424

Type  : Slow 1200mV 85C Model Recovery 'divisor_frec:U0|temporal'
Slack : -2.584
TNS   : -205.333

Type  : Slow 1200mV 85C Model Recovery 'controlador_vga:u1|Hsync'
Slack : -2.575
TNS   : -47.687

Type  : Slow 1200mV 85C Model Recovery 'divisor_frec:u5|temporal'
Slack : -2.274
TNS   : -52.008

Type  : Slow 1200mV 85C Model Removal 'divisor_frec:U0|temporal'
Slack : 1.354
TNS   : 0.000

Type  : Slow 1200mV 85C Model Removal 'divisor_frec:u5|temporal'
Slack : 1.593
TNS   : 0.000

Type  : Slow 1200mV 85C Model Removal 'controlador_vga:u1|Hsync'
Slack : 2.056
TNS   : 0.000

Type  : Slow 1200mV 85C Model Removal 'clk'
Slack : 2.280
TNS   : 0.000

Type  : Slow 1200mV 85C Model Removal 'divisor_frec:u3|temporal'
Slack : 2.363
TNS   : 0.000

Type  : Slow 1200mV 85C Model Minimum Pulse Width 'clk'
Slack : -3.000
TNS   : -53.508

Type  : Slow 1200mV 85C Model Minimum Pulse Width 'encendido'
Slack : -3.000
TNS   : -3.000

Type  : Slow 1200mV 85C Model Minimum Pulse Width 'divisor_frec:U0|temporal'
Slack : -1.403
TNS   : -122.061

Type  : Slow 1200mV 85C Model Minimum Pulse Width 'divisor_frec:u5|temporal'
Slack : -1.403
TNS   : -32.269

Type  : Slow 1200mV 85C Model Minimum Pulse Width 'controlador_vga:u1|Hsync'
Slack : -1.403
TNS   : -29.463

Type  : Slow 1200mV 85C Model Minimum Pulse Width 'divisor_frec:u3|temporal'
Slack : -1.403
TNS   : -28.060

Type  : Slow 1200mV 0C Model Setup 'divisor_frec:u5|temporal'
Slack : -10.245
TNS   : -195.932

Type  : Slow 1200mV 0C Model Setup 'encendido'
Slack : -9.181
TNS   : -26.776

Type  : Slow 1200mV 0C Model Setup 'divisor_frec:U0|temporal'
Slack : -4.906
TNS   : -269.241

Type  : Slow 1200mV 0C Model Setup 'clk'
Slack : -3.897
TNS   : -53.991

Type  : Slow 1200mV 0C Model Setup 'controlador_vga:u1|Hsync'
Slack : -2.742
TNS   : -23.946

Type  : Slow 1200mV 0C Model Setup 'divisor_frec:u3|temporal'
Slack : -2.264
TNS   : -39.253

Type  : Slow 1200mV 0C Model Hold 'controlador_vga:u1|Hsync'
Slack : 0.312
TNS   : 0.000

Type  : Slow 1200mV 0C Model Hold 'divisor_frec:U0|temporal'
Slack : 0.312
TNS   : 0.000

Type  : Slow 1200mV 0C Model Hold 'clk'
Slack : 0.572
TNS   : 0.000

Type  : Slow 1200mV 0C Model Hold 'divisor_frec:u5|temporal'
Slack : 0.621
TNS   : 0.000

Type  : Slow 1200mV 0C Model Hold 'divisor_frec:u3|temporal'
Slack : 0.888
TNS   : 0.000

Type  : Slow 1200mV 0C Model Hold 'encendido'
Slack : 2.054
TNS   : 0.000

Type  : Slow 1200mV 0C Model Recovery 'clk'
Slack : -2.440
TNS   : -75.263

Type  : Slow 1200mV 0C Model Recovery 'divisor_frec:u3|temporal'
Slack : -2.331
TNS   : -45.135

Type  : Slow 1200mV 0C Model Recovery 'divisor_frec:U0|temporal'
Slack : -2.281
TNS   : -182.223

Type  : Slow 1200mV 0C Model Recovery 'controlador_vga:u1|Hsync'
Slack : -2.274
TNS   : -42.769

Type  : Slow 1200mV 0C Model Recovery 'divisor_frec:u5|temporal'
Slack : -2.081
TNS   : -47.612

Type  : Slow 1200mV 0C Model Removal 'divisor_frec:U0|temporal'
Slack : 1.305
TNS   : 0.000

Type  : Slow 1200mV 0C Model Removal 'divisor_frec:u5|temporal'
Slack : 1.432
TNS   : 0.000

Type  : Slow 1200mV 0C Model Removal 'controlador_vga:u1|Hsync'
Slack : 1.969
TNS   : 0.000

Type  : Slow 1200mV 0C Model Removal 'clk'
Slack : 2.252
TNS   : 0.000

Type  : Slow 1200mV 0C Model Removal 'divisor_frec:u3|temporal'
Slack : 2.332
TNS   : 0.000

Type  : Slow 1200mV 0C Model Minimum Pulse Width 'clk'
Slack : -3.000
TNS   : -53.508

Type  : Slow 1200mV 0C Model Minimum Pulse Width 'encendido'
Slack : -3.000
TNS   : -3.000

Type  : Slow 1200mV 0C Model Minimum Pulse Width 'divisor_frec:U0|temporal'
Slack : -1.403
TNS   : -122.061

Type  : Slow 1200mV 0C Model Minimum Pulse Width 'divisor_frec:u5|temporal'
Slack : -1.403
TNS   : -32.269

Type  : Slow 1200mV 0C Model Minimum Pulse Width 'controlador_vga:u1|Hsync'
Slack : -1.403
TNS   : -29.463

Type  : Slow 1200mV 0C Model Minimum Pulse Width 'divisor_frec:u3|temporal'
Slack : -1.403
TNS   : -28.060

Type  : Fast 1200mV 0C Model Setup 'divisor_frec:u5|temporal'
Slack : -4.119
TNS   : -79.035

Type  : Fast 1200mV 0C Model Setup 'encendido'
Slack : -4.004
TNS   : -11.638

Type  : Fast 1200mV 0C Model Setup 'divisor_frec:U0|temporal'
Slack : -1.762
TNS   : -80.142

Type  : Fast 1200mV 0C Model Setup 'clk'
Slack : -1.410
TNS   : -7.807

Type  : Fast 1200mV 0C Model Setup 'controlador_vga:u1|Hsync'
Slack : -1.054
TNS   : -2.880

Type  : Fast 1200mV 0C Model Setup 'divisor_frec:u3|temporal'
Slack : -0.457
TNS   : -6.765

Type  : Fast 1200mV 0C Model Hold 'controlador_vga:u1|Hsync'
Slack : 0.152
TNS   : 0.000

Type  : Fast 1200mV 0C Model Hold 'divisor_frec:U0|temporal'
Slack : 0.153
TNS   : 0.000

Type  : Fast 1200mV 0C Model Hold 'clk'
Slack : 0.240
TNS   : 0.000

Type  : Fast 1200mV 0C Model Hold 'divisor_frec:u5|temporal'
Slack : 0.263
TNS   : 0.000

Type  : Fast 1200mV 0C Model Hold 'divisor_frec:u3|temporal'
Slack : 0.375
TNS   : 0.000

Type  : Fast 1200mV 0C Model Hold 'encendido'
Slack : 0.866
TNS   : 0.000

Type  : Fast 1200mV 0C Model Recovery 'clk'
Slack : -1.261
TNS   : -38.301

Type  : Fast 1200mV 0C Model Recovery 'divisor_frec:u3|temporal'
Slack : -1.226
TNS   : -23.668

Type  : Fast 1200mV 0C Model Recovery 'divisor_frec:U0|temporal'
Slack : -1.193
TNS   : -91.857

Type  : Fast 1200mV 0C Model Recovery 'controlador_vga:u1|Hsync'
Slack : -1.176
TNS   : -19.901

Type  : Fast 1200mV 0C Model Recovery 'divisor_frec:u5|temporal'
Slack : -0.967
TNS   : -22.104

Type  : Fast 1200mV 0C Model Removal 'divisor_frec:U0|temporal'
Slack : 0.502
TNS   : 0.000

Type  : Fast 1200mV 0C Model Removal 'controlador_vga:u1|Hsync'
Slack : 0.649
TNS   : 0.000

Type  : Fast 1200mV 0C Model Removal 'clk'
Slack : 0.676
TNS   : 0.000

Type  : Fast 1200mV 0C Model Removal 'divisor_frec:u5|temporal'
Slack : 0.702
TNS   : 0.000

Type  : Fast 1200mV 0C Model Removal 'divisor_frec:u3|temporal'
Slack : 0.725
TNS   : 0.000

Type  : Fast 1200mV 0C Model Minimum Pulse Width 'clk'
Slack : -3.000
TNS   : -40.323

Type  : Fast 1200mV 0C Model Minimum Pulse Width 'encendido'
Slack : -3.000
TNS   : -3.000

Type  : Fast 1200mV 0C Model Minimum Pulse Width 'divisor_frec:U0|temporal'
Slack : -1.000
TNS   : -87.000

Type  : Fast 1200mV 0C Model Minimum Pulse Width 'divisor_frec:u5|temporal'
Slack : -1.000
TNS   : -23.000

Type  : Fast 1200mV 0C Model Minimum Pulse Width 'controlador_vga:u1|Hsync'
Slack : -1.000
TNS   : -21.000

Type  : Fast 1200mV 0C Model Minimum Pulse Width 'divisor_frec:u3|temporal'
Slack : -1.000
TNS   : -20.000

------------------------------------------------------------
